@#$%djdhhh1213  jfdcfgbh, MNBGFRFTGHYJ, lkjjklkj
9535rtftj trtyuibg, hgfddfghj, 7654345678 7654323456789 .;''
8989#$%^$%^&&^%$##$%^&*&^%$#@! 8989#$%^$%^&&^%$##$%^&*&^%$#@! 8989#$%^$%^&&^%$##$%^&*&^%$#@! 8989#$%^$%^&&^%$##$%^&*&^%$#@! 8989#$%^$%^&&^%$##$%^&*&^%$#@! hgfdsdfghjkjh           @#$%djdhhh1213
AhaAhhhAAAhhh23456789098765432@#$%^%$#@      redffdsdfg       redffdsdfg    redffdsdfg
^&*))))j(*&^%$##$%^&*(*&^%$#@@#$%^&*(*&^%$#@)))       45678900987-=, lkjkl     fffffffffffffffffffffffffffffffffffffff
!@#$%^&*()(*&^%$#@!~!@#$%^&*()(*&^%$#@!@#$%^&*(_)(*&^%$#DFGHJKLLKJHGFDSASghjkl:":":"kjhgfwertyugfdsdfg987654321234567";)))
HJHJ&*^!@#$%^&*()(*&^%$#@#$%^&*hgfdssdfghjhgfdmnbvcxzaqwertyuiol,nbv1234567890932123456789-0-=-rf098765432123456789~~~~~~~~~~~~~~~~~~~~~~~~~ERGHJKKJHGGBNM<
gfdsdfghj98765432234567    gfdsdfghj98765432234567
gfdsdfghj98765432234567         YHHYHJFJVNFHE9-9==
redffdsdfg
